// Jest Snapshot v1, https://goo.gl/fbAQLP

exports[`page1 has the expected html structure 1`] = `
<div
  id="app"
>
  <ul>
    <li>
      
    Cat
  
    </li>
    <li>
      
    Dog
  
    </li>
  </ul>
</div>
`;
